============================= test session starts ==============================
platform linux -- Python 3.12.3, pytest-7.4.4, pluggy-1.4.0
rootdir: /tmp/tmp.qL7Gs4jV6I/suite-gate
configfile: pytest.ini
testpaths: tests
plugins: xdist-3.4.0
created: 6/6 workers
6 workers [1927 items]

........................................................................ [  3%]
........................................................................ [  7%]
........................................................................ [ 11%]
........................................................................ [ 14%]
........................................................................ [ 18%]
........................................................................ [ 22%]
........................................................................ [ 26%]
........................................................................ [ 29%]
........................................................................ [ 33%]
........................................................................ [ 37%]
........................................................................ [ 41%]
............................................