============================= test session starts ==============================
platform linux -- Python 3.12.3, pytest-7.4.4, pluggy-1.4.0
rootdir: /tmp/tmp.yDu6VSiJnB/suite-gate
configfile: pytest.ini
testpaths: tests
plugins: xdist-3.4.0
created: 4/4 workers
4 workers [1666 items]

........................................................................ [  4%]
........................................................................ [  8%]
........................................................................ [ 12%]
........................................................................ [ 17%]
........................................................................ [ 21%]
........................................................................ [ 25%]
........................................................................ [ 30%]
........................................................................ [ 34%]
........................................................................ [ 38%]
........................................................................ [ 43%]
........................................................................ [ 47%]
........................................................................ [ 51%]
........................................................................ [ 56%]
........................................................................ [ 60%]
........................................................................ [ 64%]
........................................................................ [ 69%]
........................................................................ [ 73%]
........................................................................ [ 77%]
........................................................................ [ 82%]
........................................................................ [ 86%]
........................................................................ [ 90%]
........................................................................ [ 95%]
........................................................................ [ 99%]
..........                                                               [100%]
=============================== warnings summary ===============================
tests/test_harvest_fleet_runs.py::test_two_bundles_unpack_to_separate_directories
tests/test_harvest_fleet_runs.py::test_two_bundles_unpack_to_separate_directories
tests/test_harvest_fleet_runs.py::test_a_corrupt_tarball_among_healthy_ones_is_named_and_the_rest_land
tests/test_harvest_fleet_runs.py::test_an_unreadable_tarball_is_named_in_a_whole_failed_lookup_line
tests/test_harvest_fleet_runs.py::test_discover_unpacks_a_tarball
  /usr/lib/python3.12/tarfile.py:2301: DeprecationWarning: Python 3.14 will, by default, filter extracted tar archives and reject files or modify their metadata. Use the filter argument to control this behavior.
    warnings.warn(

-- Docs: https://docs.pytest.org/en/stable/how-to/capture-warnings.html
================= 1666 passed, 5 warnings in 356.71s (0:05:56) =================
