============================= test session starts ==============================
platform linux -- Python 3.12.3, pytest-7.4.4, pluggy-1.4.0
rootdir: /tmp/tmp.KAIRAFh5AU/suite-gate
configfile: pytest.ini
testpaths: tests
plugins: xdist-3.4.0
created: 6/6 workers
6 workers [1874 items]

........................................................................ [  3%]
........................................................................ [  7%]
........................................................................ [ 11%]
........................................................................ [ 15%]
........................................................................ [ 19%]
........................................................................ [ 23%]
........................................................................ [ 26%]
........................................................................ [ 30%]
........................................................................ [ 34%]
........................................................................ [ 38%]
........................................................................ [ 42%]
........................................................................ [ 46%]
.............................................s.......................... [ 49%]
........................................................................ [ 53%]
........................................................................ [ 57%]
........................................................................ [ 61%]
........................................................................ [ 65%]
........................................................................ [ 69%]
........................................................................ [ 72%]
........................................................................ [ 76%]
........................................................................ [ 80%]
........................................................................ [ 84%]
........................................................................ [ 88%]
......................................................................... [ 92%]
........................................................................ [ 96%]
........................................................................ [ 99%]
.                                                                        [100%]
=============================== warnings summary ===============================
tests/test_harvest_fleet_runs.py::test_two_bundles_unpack_to_separate_directories
tests/test_harvest_fleet_runs.py::test_two_bundles_unpack_to_separate_directories
tests/test_harvest_fleet_runs.py::test_a_corrupt_tarball_among_healthy_ones_is_named_and_the_rest_land
tests/test_harvest_fleet_runs.py::test_an_unreadable_tarball_is_named_in_a_whole_failed_lookup_line
tests/test_harvest_fleet_runs.py::test_discover_unpacks_a_tarball
  /usr/lib/python3.12/tarfile.py:2301: DeprecationWarning: Python 3.14 will, by default, filter extracted tar archives and reject files or modify their metadata. Use the filter argument to control this behavior.
    warnings.warn(

-- Docs: https://docs.pytest.org/en/stable/how-to/capture-warnings.html
=========== 1873 passed, 1 skipped, 5 warnings in 418.64s (0:06:58) ============
