Running as unit: fleet-engine-250.service; invocation ID: 40d4bf529a274160874601ae51a71848
  File "/home/exedev/engines/9cc61873d3f5a86adfc10775abd331a101397139/factory/flock/weave.py", line 43
    SEP = "
          ^
SyntaxError: unterminated string literal (detected at line 43)
node:events:505
    throw er; // Unhandled 'error' event
    ^

Error: write EPIPE
    at afterWriteDispatched (node:internal/stream_base_commons:159:15)
    at writeGeneric (node:internal/stream_base_commons:150:3)
    at Socket._writeGeneric (node:net:1258:11)
    at Socket._write (node:net:1270:8)
    at writeOrBuffer (node:internal/streams/writable:574:12)
    at _write (node:internal/streams/writable:503:10)
    at Writable.write (node:internal/streams/writable:512:10)
    at file:///home/exedev/engines/9cc61873d3f5a86adfc10775abd331a101397139/factory/flock/engine.mjs:130:31
    at new Promise (<anonymous>)
    at weave (file:///home/exedev/engines/9cc61873d3f5a86adfc10775abd331a101397139/factory/flock/engine.mjs:128:22)
Emitted 'error' event on Socket instance at:
    at emitErrorNT (node:internal/streams/destroy:170:8)
    at emitErrorCloseNT (node:internal/streams/destroy:129:3)
    at process.processTicksAndRejections (node:internal/process/task_queues:90:21) {
  errno: -32,
  code: 'EPIPE',
  syscall: 'write'
}

Node.js v24.20.0
Finished with result: exit-code
Main processes terminated with: code=exited/status=1
Service runtime: 911ms
CPU time consumed: 1.127s
Memory peak: 512.0K
Memory swap peak: 0B
